..................F..................................................... [  8%]
........................................................................ [ 16%]
...............................F........................................ [ 25%]
........................................................................ [ 33%]
........................................................................ [ 41%]
........................................................................ [ 50%]
.F.................................F...................F................ [ 58%]
........................................................................ [ 66%]
